▲ Next.js 16.2.6 (Turbopack)
- Local:         http://localhost:3002
- Network:       http://192.168.0.29:3002
- Environments: .env.local
✓ Ready in 613ms

 GET /sign-in 200 in 2.5s (next.js: 1312ms, application-code: 1205ms)
 GET /sign-in 200 in 63ms (next.js: 5ms, application-code: 58ms)
 POST /api/dev-auth 200 in 194ms (next.js: 88ms, proxy.ts: 77ms, application-code: 29ms)
 GET /dashboard 200 in 278ms (next.js: 8ms, application-code: 270ms)
 GET /dashboard 200 in 567ms (next.js: 37ms, application-code: 530ms)
 GET /workers?intent=create 200 in 1090ms (next.js: 39ms, application-code: 1051ms)
 GET /workers?intent=create 200 in 307ms (next.js: 85ms, application-code: 223ms)
✓ Compiled in 218ms
 GET /workers?intent=create 200 in 333ms (next.js: 118ms, application-code: 215ms)
✓ Compiled in 197ms
 GET /workers?intent=create 200 in 376ms (next.js: 154ms, application-code: 222ms)
 GET /people/access 200 in 388ms (next.js: 33ms, application-code: 355ms)
 GET /people/access 200 in 187ms (next.js: 3ms, application-code: 183ms)
 GET /people/assignments 200 in 187ms (next.js: 31ms, application-code: 156ms)
 POST /api/dev-auth 200 in 100ms (next.js: 32ms, proxy.ts: 57ms, application-code: 12ms)
 GET /dashboard 200 in 258ms (next.js: 16ms, application-code: 242ms)
 GET /dashboard 200 in 216ms (next.js: 4ms, application-code: 213ms)
 GET /people/assignments 200 in 117ms (next.js: 2ms, application-code: 115ms)
 POST /api/dev-auth 200 in 20ms (next.js: 3ms, proxy.ts: 5ms, application-code: 12ms)
 GET /dashboard 200 in 167ms (next.js: 4ms, application-code: 163ms)
 GET /dashboard 200 in 205ms (next.js: 3ms, application-code: 202ms)
 GET /workers 200 in 264ms (next.js: 3ms, application-code: 260ms)
 POST /api/dev-auth 200 in 26ms (next.js: 2ms, proxy.ts: 4ms, application-code: 20ms)
 GET /dashboard 200 in 215ms (next.js: 3ms, application-code: 212ms)
 GET /dashboard 200 in 307ms (next.js: 3ms, application-code: 304ms)
 GET /workers 200 in 214ms (next.js: 3ms, application-code: 211ms)
✓ Compiled in 170ms
 GET /workers 200 in 473ms (next.js: 140ms, application-code: 333ms)
 GET /workers 200 in 267ms (next.js: 4ms, application-code: 263ms)
✓ Compiled in 181ms
 GET /workers 200 in 468ms (next.js: 128ms, application-code: 340ms)
 GET /workers 200 in 330ms (next.js: 4ms, application-code: 326ms)
 GET /workers 200 in 300ms (next.js: 4ms, application-code: 296ms)
 POST /api/dev-auth 200 in 136ms (next.js: 49ms, proxy.ts: 69ms, application-code: 19ms)
 GET /settings/people?result=legacy 307 in 331ms (next.js: 32ms, application-code: 300ms)
 GET /people/access?result=legacy 200 in 158ms (next.js: 15ms, application-code: 143ms)
 GET /access?from=dashboard 307 in 544ms (next.js: 42ms, application-code: 502ms)
 GET /people/assignments?from=dashboard 200 in 564ms (next.js: 157ms, application-code: 407ms)
 GET /people 200 in 238ms (next.js: 32ms, application-code: 206ms)
 GET /workers 200 in 341ms (next.js: 4ms, application-code: 337ms)
 GET /people/assignments 200 in 142ms (next.js: 3ms, application-code: 139ms)
 GET /workers 200 in 241ms (next.js: 4ms, application-code: 238ms)
[?25h
undefined
A:\Qoovex\apps\workspace:
[ERR_PNPM_RECURSIVE_EXEC_FIRST_FAIL] Command failed with exit code 4294967295: next dev --port 3002
